// Jest Snapshot v1, https://goo.gl/fbAQLP

exports[`idraw context 1`] = `
Array [
  Object {
    "props": Object {
      "height": 1600,
      "width": 2400,
      "x": 0,
      "y": 0,
    },
    "transform": Array [
      1,
      0,
      0,
      1,
      0,
      0,
    ],
    "type": "clearRect",
  },
  Object {
    "props": Object {
      "dHeight": 1600,
      "dWidth": 2400,
      "dx": 0,
      "dy": 0,
      "img": <canvas
        height="1600"
        width="2400"
      />,
      "sHeight": 1600,
      "sWidth": 2400,
      "sx": 0,
      "sy": 0,
    },
    "transform": Array [
      1,
      0,
      0,
      1,
      0,
      0,
    ],
    "type": "drawImage",
  },
]
`;

exports[`idraw context 2`] = `
Array [
  Object {
    "props": Object {
      "height": 1600,
      "width": 2400,
      "x": 0,
      "y": 0,
    },
    "transform": Array [
      1,
      0,
      0,
      1,
      0,
      0,
    ],
    "type": "clearRect",
  },
  Object {
    "props": Object {
      "dHeight": 1600,
      "dWidth": 2400,
      "dx": 0,
      "dy": 0,
      "img": <canvas
        height="1600"
        width="2400"
      />,
      "sHeight": 1600,
      "sWidth": 2400,
      "sx": 0,
      "sy": 0,
    },
    "transform": Array [
      1,
      0,
      0,
      1,
      0,
      0,
    ],
    "type": "drawImage",
  },
]
`;

exports[`idraw undo/redo 1`] = `
Array [
  Object {
    "props": Object {
      "height": 1600,
      "width": 2400,
      "x": 0,
      "y": 0,
    },
    "transform": Array [
      1,
      0,
      0,
      1,
      0,
      0,
    ],
    "type": "clearRect",
  },
  Object {
    "props": Object {
      "dHeight": 1600,
      "dWidth": 2400,
      "dx": 0,
      "dy": 0,
      "img": <canvas
        height="1600"
        width="2400"
      />,
      "sHeight": 1600,
      "sWidth": 2400,
      "sx": 0,
      "sy": 0,
    },
    "transform": Array [
      1,
      0,
      0,
      1,
      0,
      0,
    ],
    "type": "drawImage",
  },
]
`;

exports[`idraw undo/redo 2`] = `
Array [
  Object {
    "props": Object {
      "height": 1600,
      "width": 2400,
      "x": 0,
      "y": 0,
    },
    "transform": Array [
      1,
      0,
      0,
      1,
      0,
      0,
    ],
    "type": "clearRect",
  },
  Object {
    "props": Object {
      "dHeight": 1600,
      "dWidth": 2400,
      "dx": 0,
      "dy": 0,
      "img": <canvas
        height="1600"
        width="2400"
      />,
      "sHeight": 1600,
      "sWidth": 2400,
      "sx": 0,
      "sy": 0,
    },
    "transform": Array [
      1,
      0,
      0,
      1,
      0,
      0,
    ],
    "type": "drawImage",
  },
]
`;
