// Jest Snapshot v1, https://goo.gl/fbAQLP

exports[`testing 1`] = `
Array [
  Object {
    "props": Object {
      "height": 1600,
      "width": 2400,
      "x": 0,
      "y": 0,
    },
    "transform": Array [
      1,
      0,
      0,
      1,
      0,
      0,
    ],
    "type": "clearRect",
  },
  Object {
    "props": Object {
      "height": 1600,
      "width": 2400,
      "x": 0,
      "y": 0,
    },
    "transform": Array [
      1,
      0,
      0,
      1,
      0,
      0,
    ],
    "type": "clearRect",
  },
]
`;

exports[`testing 2`] = `
Array [
  Object {
    "props": Object {
      "height": 1600,
      "width": 2400,
      "x": 0,
      "y": 0,
    },
    "transform": Array [
      1,
      0,
      0,
      1,
      0,
      0,
    ],
    "type": "clearRect",
  },
  Object {
    "props": Object {
      "height": 1600,
      "width": 2400,
      "x": 0,
      "y": 0,
    },
    "transform": Array [
      1,
      0,
      0,
      1,
      0,
      0,
    ],
    "type": "clearRect",
  },
]
`;
